Microchip MPLAB XC8 Compiler V2.40

Linker command line:

-W-3 --edf=D:\Program Files\MPLABX\xc8\2.40\pic\dat\20220703182018_en.msgs \
  -cn -h+dist/default/debug\Music.X.debug.sym \
  --cmf=dist/default/debug\Music.X.debug.cmf -z -Q10F200 \
  -oC:\Users\Josue\AppData\Local\Temp\xcAs9l8.4 --defsym=__MPLAB_BUILD=1 \
  --fixupoverflow=error -Mdist/default/debug/Music.X.debug.map \
  --md=C:\Users\Josue\AppData\Local\Temp\xcAs9l8.dat -E1 -ver=XC8 Compiler \
  --acfsm=1493 -ACODE=00h-0FEh -ASTRCODE=00h-0FEh -ASTRING=00h-0FEh \
  -AENTRY=00h-0FFh-0FEh -ABANK0=010h-01Dh -ARAM=010h-01Dh -AABS1=010h-01Fh \
  -ACOMMON=01Ch-01Fh -ASFR0=00h-0Fh -ACONFIG=0FFFh-0FFFh -DCONFIG=2 \
  -AIDLOC=0100h-0103h -DIDLOC=2 -DCODE=2 -DSTRCODE=2 -DSTRING=2 -DCONST=2 \
  -DENTRY=2 -preset_vec=0ffh,reset_wrap=0h,init,end_init,cinit,clrtext \
  -ppowerup=CODE -pfunctab=ENTRY -pstrings=-STRING -k \
  C:\Users\Josue\AppData\Local\Temp\xcAs9l8.o \
  dist/default/debug\Music.X.debug.o 

Object code version is 3.11

Machine type is 10F200



                Name                               Link     Load   Length Selector   Space Scale
C:\Users\Josue\AppData\Local\Temp\xcAs9l8.o
                end_init                              0        0        1        0       0
                reset_vec                            FF       FF        1      1FE       0
                config                              FFF      FFF        1        0       4
dist/default/debug\Music.X.debug.o
                cinit                                 1        1        6        0       0
                config                              FFF      FFF        1        0       4
                idloc                                 0        0      104        0       5
                text2                                64       64        5        E       0
                jmp_tab                              FD       FD        2      1FA       0
                text1                                 7        7       30        E       0
                maintext                             37       37       2D        E       0
                cstackBANK0                          10       10        8       10       1
                bssBANK0                             18       18        4       10       1

TOTAL           Name                               Link     Load   Length     Space
        CLASS   CODE           
                reset_vec                            FF       FF        1         0
                text2                                64       64        5         0
                text1                                 7        7       30         0
                maintext                             37       37       2D         0

        CLASS   STRCODE        

        CLASS   STRING         

        CLASS   ENTRY          
                end_init                              0        0        1         0
                cinit                                 1        1        6         0
                jmp_tab                              FD       FD        2         0

        CLASS   BANK0          
                cstackBANK0                          10       10        8         1
                bssBANK0                             18       18        4         1

        CLASS   RAM            

        CLASS   ABS1           
                abs_s1                               1C       1C        4         1

        CLASS   COMMON         

        CLASS   SFR0           

        CLASS   CONFIG         
                config                              FFF      FFF        1         4

        CLASS   IDLOC          
                idloc                                 0        0      104         5

        CLASS   CONST          

        CLASS   STACK          



SEGMENTS        Name                           Load    Length   Top    Selector   Space  Class     Delta

                reset_wrap                     000000  000007  000007         0       0  ENTRY       2
                text1                          000007  000062  000069         E       0  CODE        2
                cstackBANK0                    000010  00000C  00001C        10       1  BANK0       1
                jmp_tab                        0000FD  000002  0000FF       1FA       0  ENTRY       2
                reset_vec                      0000FF  000001  000100       1FE       0  CODE        2


UNUSED ADDRESS RANGES

        Name                Unused          Largest block    Delta
        CODE             0069-00FC             94           2
        ENTRY            0069-00FC             94           2
        SFR0             0000-000F             10           1
        STRCODE          0069-00FC             94           2
        STRING           0069-00FC             94           2

                                  Symbol Table

_GPIO                    (abs)        0006
_OPTION                  (abs)        0000
_TMR0                    (abs)        0001
_TRIS                    (abs)        0006
__Habs1                  abs1         0000
__Hbank0                 bank0        0000
__HbssBANK0              bssBANK0     0000
__Hcinit                 cinit        0007
__Hclrtext               clrtext      0007
__Hcode                  code         0000
__Hcommon                common       0000
__Hconfig                config       1000
__HcstackBANK0           cstackBANK0  0000
__HcstackCOMMON          cstackCOMMON 0000
__Hend_init              end_init     0001
__Hfunctab               functab      0000
__Hidloc                 idloc        0104
__Hinit                  init         0000
__Hjmp_tab               jmp_tab      0000
__Hmaintext              maintext     0000
__Hpowerup               powerup      0000
__Hram                   ram          0000
__Hreset_vec             reset_vec    0100
__Hreset_wrap            reset_wrap   0000
__Hsfr0                  sfr0         0000
__Hspace_0               (abs)        0100
__Hspace_1               (abs)        001C
__Hspace_2               (abs)        0000
__Hspace_4               (abs)        1FFF
__Hstack                 stack        0000
__Hstrings               strings      0000
__Htext                  text         0000
__Labs1                  abs1         0000
__Lbank0                 bank0        0000
__LbssBANK0              bssBANK0     0000
__Lcinit                 cinit        0001
__Lclrtext               clrtext      0007
__Lcode                  code         0000
__Lcommon                common       0000
__Lconfig                config       0000
__LcstackBANK0           cstackBANK0  0000
__LcstackCOMMON          cstackCOMMON 0000
__Lend_init              end_init     0000
__Lfunctab               functab      0000
__Lidloc                 idloc        0000
__Linit                  init         0000
__Ljmp_tab               jmp_tab      0000
__Lmaintext              maintext     0000
__Lpowerup               powerup      0000
__Lram                   ram          0000
__Lreset_vec             reset_vec    00FF
__Lreset_wrap            reset_wrap   0000
__Lsfr0                  sfr0         0000
__Lspace_0               (abs)        0000
__Lspace_1               (abs)        0000
__Lspace_2               (abs)        0000
__Lspace_4               (abs)        0000
__Lstack                 stack        0000
__Lstrings               strings      0000
__Ltext                  text         0000
__S0                     (abs)        00FF
__S1                     (abs)        001C
___int_sp                stack        0000
___latbits               (abs)        0000
___sp                    stack        0000
___stackhi               (abs)        0000
___stacklo               (abs)        0000
__end_of__initialization cinit        0005
__end_of_initialize      text2        0069
__end_of_main            maintext     0064
__end_of_toggleSound     text1        0037
__initialization         cinit        0001
__pbssBANK0              bssBANK0     0018
__pcstackBANK0           cstackBANK0  0010
__pcstackCOMMON          cstackCOMMON 0000
__pjmp_tab               jmp_tab      00FD
__pmaintext              maintext     0037
__ptext1                 text1        0007
__ptext2                 text2        0064
_initialize              text2        0064
_main                    maintext     0037
_toggleSound             text1        0007
btemp                    (abs)        001C
end_of_initialization    cinit        0005
entry__initialize        jmp_tab      00FE
entry__toggleSound       jmp_tab      00FD
ltemp0                   (abs)        001C
main@F155                bssBANK0     001A
main@F157                bssBANK0     0018
main@track1              cstackBANK0  0014
main@track2              cstackBANK0  0016
reset_vec                reset_vec    00FF
start                    init         0000
start_initialization     cinit        0001
toggleSound@initialTMR0  cstackBANK0  0011
toggleSound@pinNumber    cstackBANK0  0010
toggleSound@sound        cstackBANK0  0012
ttemp0                   (abs)        001C
wtemp0                   (abs)        001C
wtemp1                   (abs)        001E


MODULE INFORMATION

Module		Function		Class		Link	Load	Size
shared
		__initialization		ENTRY          	0001	0000	4

shared estimated size: 4

main.c
		_main          		CODE           	0037	0000	45
		_toggleSound   		CODE           	0007	0000	48
		_initialize    		CODE           	0064	0000	5

main.c estimated size: 98

